[鍛ㄥ洓 2026/05/07 17:16:35.26] 
[鍛ㄥ洓 2026/05/07 17:16:35.26] Maison Store launcher
[鍛ㄥ洓 2026/05/07 17:16:35.27] ======================
[鍛ㄥ洓 2026/05/07 17:16:35.27] App dir: C:\Users\23593\Desktop\store\
[鍛ㄥ洓 2026/05/07 17:16:35.27] 
[鍛ㄥ洓 2026/05/07 17:16:35.27] [1/5] Checking MySQL service...
[鍛ㄥ洓 2026/05/07 17:16:35.29] MySQL is running.
[鍛ㄥ洓 2026/05/07 17:16:35.30] [2/5] Checking store database health...
[鍛ㄥ洓 2026/05/07 17:16:35.39] [3/5] Checking port 5173...
[鍛ㄥ洓 2026/05/07 17:16:35.43] [4/5] Starting Maison Store server...
[鍛ㄥ洓 2026/05/07 17:16:35.45] Waiting for database connection...
[鍛ㄥ洓 2026/05/07 17:16:38.22] 
[鍛ㄥ洓 2026/05/07 17:16:38.22] STARTUP FAILED: Server started, but database health check failed. Open http://localhost:5173/api/health for details.
[鍛ㄥ洓 2026/05/07 17:16:38.22] Log file: C:\Users\23593\Desktop\store\start-store.log
[鍛ㄥ洓 2026/05/07 17:16:38.23] [5/5] Opening store page...
[鍛ㄥ洓 2026/05/07 17:16:38.23] Browser open skipped by NO_OPEN=1.
[鍛ㄥ洓 2026/05/07 17:16:38.23] 
[鍛ㄥ洓 2026/05/07 17:16:38.23] Started successfully: http://localhost:5173/
[鍛ㄥ洓 2026/05/07 17:16:38.24] This window will close in 5 seconds. If startup fails later, read start-store.log.

[鍛ㄥ洓 2026/05/07 17:17:47.46] Started successfully: http://localhost:5173/
[鍛ㄥ洓 2026/05/07 17:17:47.47] This window will close in 5 seconds. If startup fails later, read start-store.log.
[鍛ㄥ洓 2026/05/07 17:17:51.51] Maison Store launcher
[鍛ㄥ洓 2026/05/07 17:17:51.51] ======================
[鍛ㄥ洓 2026/05/07 17:17:51.52] App dir: C:\Users\23593\Desktop\store\

[鍛ㄥ洓 2026/05/07 17:17:51.52] [1/5] Checking MySQL service...
[鍛ㄥ洓 2026/05/07 17:17:51.54] MySQL is running.
[鍛ㄥ洓 2026/05/07 17:17:51.54] [2/5] Checking store database health...
[鍛ㄥ洓 2026/05/07 17:17:51.65] [3/5] Checking port 5173...
[鍛ㄥ洓 2026/05/07 17:17:51.69] [4/5] Starting Maison Store server...
[鍛ㄥ洓 2026/05/07 17:17:51.73] Waiting for database connection...

[鍛ㄥ洓 2026/05/07 17:17:54.66] STARTUP FAILED: Server started, but database health check failed. Open http://localhost:5173/api/health for details.
[鍛ㄥ洓 2026/05/07 17:17:54.66] Log file: C:\Users\23593\Desktop\store\start-store.log

[鍛ㄥ洓 2026/05/07 17:21:55.88] Maison Store launcher
[鍛ㄥ洓 2026/05/07 17:21:55.88] ======================
[鍛ㄥ洓 2026/05/07 17:21:55.88] App dir: C:\Users\23593\Desktop\store\

[鍛ㄥ洓 2026/05/07 17:21:55.89] [1/5] Checking MySQL service...
[鍛ㄥ洓 2026/05/07 17:21:55.90] MySQL is running.
[鍛ㄥ洓 2026/05/07 17:21:55.91] [2/5] Checking store database health...
[鍛ㄥ洓 2026/05/07 17:21:56.00] [3/5] Checking port 5173...
[鍛ㄥ洓 2026/05/07 17:21:56.04] [4/5] Starting Maison Store server...
[鍛ㄥ洓 2026/05/07 17:21:56.29] Waiting for database connection...

[鍛ㄥ洓 2026/05/07 17:21:59.08] STARTUP FAILED: Server started, but database health check failed. Open http://localhost:5173/api/health for details.
[鍛ㄥ洓 2026/05/07 17:21:59.09] Log file: C:\Users\23593\Desktop\store\start-store.log

[鍛ㄥ洓 2026/05/07 17:24:09.94] Maison Store launcher
[鍛ㄥ洓 2026/05/07 17:24:09.94] ======================
[鍛ㄥ洓 2026/05/07 17:24:09.95] App dir: C:\Users\23593\Desktop\store\

[鍛ㄥ洓 2026/05/07 17:24:09.95] [1/5] Checking MySQL service...
[鍛ㄥ洓 2026/05/07 17:24:09.97] MySQL is running.
[鍛ㄥ洓 2026/05/07 17:24:09.97] [2/5] Checking store database health...
[鍛ㄥ洓 2026/05/07 17:24:10.07] [3/5] Checking port 5173...
[鍛ㄥ洓 2026/05/07 17:24:10.10] [4/5] Starting Maison Store server...
[鍛ㄥ洓 2026/05/07 17:24:10.10] The server will stay in this window. Do not close it while using the store.
[鍛ㄥ洓 2026/05/07 17:24:10.10] Browser open skipped by NO_OPEN=1.
[鍛ㄥ洓 2026/05/07 17:24:10.11] NO_BLOCK=1, server launch skipped for test mode.

[2026/05/07 周四 17:44:22.30] Maison Store launcher
[2026/05/07 周四 17:44:22.30] ======================
[2026/05/07 周四 17:44:22.30] App dir: C:\Users\23593\Desktop\store\

[2026/05/07 周四 17:44:22.31] [1/5] Checking MySQL service...
[2026/05/07 周四 17:44:22.33] MySQL is running.
[2026/05/07 周四 17:44:22.33] [2/5] Checking store database health...
[2026/05/07 周四 17:44:22.50] Store server is already running and connected to database store.

[2026/05/07 周四 17:45:24.96] Maison Store launcher
[2026/05/07 周四 17:45:24.97] ======================
[2026/05/07 周四 17:45:24.97] App dir: C:\Users\23593\Desktop\store\

[2026/05/07 周四 17:45:24.98] [1/5] Checking MySQL service...
[2026/05/07 周四 17:45:25.00] MySQL is running.
[2026/05/07 周四 17:45:25.00] [2/5] Checking store database health...
[2026/05/07 周四 17:45:25.17] Store server is already running and connected to database store.

[2026/05/07 周四 17:45:26.36] Maison Store launcher
[2026/05/07 周四 17:45:26.37] ======================
[2026/05/07 周四 17:45:26.37] App dir: C:\Users\23593\Desktop\store\

[2026/05/07 周四 17:45:26.37] [1/5] Checking MySQL service...
[2026/05/07 周四 17:45:26.39] MySQL is running.
[2026/05/07 周四 17:45:26.39] [2/5] Checking store database health...
[2026/05/07 周四 17:45:26.56] Store server is already running and connected to database store.

[2026/05/07 周四 17:45:27.63] Maison Store launcher
[2026/05/07 周四 17:45:27.63] ======================
[2026/05/07 周四 17:45:27.64] App dir: C:\Users\23593\Desktop\store\

[2026/05/07 周四 17:45:27.64] [1/5] Checking MySQL service...
[2026/05/07 周四 17:45:27.66] MySQL is running.
[2026/05/07 周四 17:45:27.66] [2/5] Checking store database health...
[2026/05/07 周四 17:45:27.83] Store server is already running and connected to database store.
[2026-05-07 17:47:33] 
[2026-05-07 17:47:33] Maison Store launcher
[2026-05-07 17:47:33] ======================
[2026-05-07 17:47:33] App dir: C:\Users\23593\Desktop\store
[2026-05-07 17:47:33] [1/5] Checking MySQL service...
[2026-05-07 17:47:33] MySQL is running.
[2026-05-07 17:47:33] [2/5] Checking existing store server...
[2026-05-07 17:47:33] Store server is already running and connected to database store.
[2026-05-07 17:48:10] 
[2026-05-07 17:48:10] Maison Store launcher
[2026-05-07 17:48:10] ======================
[2026-05-07 17:48:10] App dir: C:\Users\23593\Desktop\store
[2026-05-07 17:48:10] [1/5] Checking MySQL service...
[2026-05-07 17:48:10] MySQL is running.
[2026-05-07 17:48:10] [2/5] Checking existing store server...
[2026-05-07 17:48:11] Store server is already running and connected to database store.
[2026-05-07 17:48:11] Browser auto-open was blocked. Please open this address manually: http://localhost:5173/
[2026-05-07 17:48:11] You can close this window. The existing server process is still running.
[2026-05-07 17:49:26] 
[2026-05-07 17:49:26] Maison Store launcher
[2026-05-07 17:49:26] ======================
[2026-05-07 17:49:26] App dir: C:\Users\23593\Desktop\store
[2026-05-07 17:49:26] [1/5] Checking MySQL service...
[2026-05-07 17:49:26] MySQL is running.
[2026-05-07 17:49:26] [2/5] Checking existing store server...
[2026-05-07 17:49:26] Store server is already running and connected to database store.
[2026-05-07 17:49:26] Opened: http://localhost:5173/
[2026-05-07 17:49:26] You can close this window. The existing server process is still running.
[2026-05-07 21:30:16] 
[2026-05-07 21:30:16] Maison Store launcher
[2026-05-07 21:30:16] ======================
[2026-05-07 21:30:16] App dir: C:\Users\23593\Desktop\store
[2026-05-07 21:30:16] [1/5] Checking MySQL service...
[2026-05-07 21:30:16] MySQL is running.
[2026-05-07 21:30:16] [2/5] Checking existing store server...
[2026-05-07 21:30:16] Store server is already running and connected to database store.
[2026-05-07 21:30:16] Opened: http://localhost:5173/
[2026-05-07 21:30:16] You can close this window. The existing server process is still running.
[2026-05-13 10:28:13] 
[2026-05-13 10:28:13] Maison Store launcher
[2026-05-13 10:28:13] ======================
[2026-05-13 10:28:13] App dir: C:\Users\23593\Desktop\store
[2026-05-13 10:28:13] [1/5] Checking MySQL service...
[2026-05-13 10:28:13] MySQL is not running.
[2026-05-13 10:28:13] Requesting administrator permission to start MySQL. Click Yes in the UAC dialog.
[2026-05-13 10:28:17] 
[2026-05-13 10:28:17] Maison Store launcher
[2026-05-13 10:28:17] ======================
[2026-05-13 10:28:17] App dir: C:\Users\23593\Desktop\store
[2026-05-13 10:28:17] [1/5] Checking MySQL service...
[2026-05-13 10:28:17] MySQL is not running.
[2026-05-13 10:28:21] MySQL is running.
[2026-05-13 10:28:21] [2/5] Checking existing store server...
[2026-05-13 10:28:23] [3/5] Checking port 5173...
[2026-05-13 10:28:23] [4/5] Starting Maison Store server...
[2026-05-13 10:28:23] Node server PID: 8588
[2026-05-13 10:28:23] Waiting for database connection...
[2026-05-13 10:28:24] [5/5] Opening store page...
[2026-05-13 10:28:24] Opened: http://localhost:5173/
[2026-05-13 10:28:24] Started successfully: http://localhost:5173/
[2026-05-13 10:28:24] This PowerShell window can stay open for status. Closing it will not stop the background server.
[2026-05-13 11:00:50] 
[2026-05-13 11:00:50] Maison Store launcher
[2026-05-13 11:00:50] ======================
[2026-05-13 11:00:50] App dir: C:\Users\23593\Desktop\store
[2026-05-13 11:00:50] [1/5] Checking MySQL service...
[2026-05-13 11:00:50] MySQL is running.
[2026-05-13 11:00:50] [2/5] Checking existing store server...
[2026-05-13 11:00:50] Store server is already running and connected to database store.
[2026-05-13 11:00:50] Opened: http://localhost:5173/
[2026-05-13 11:00:50] You can close this window. The existing server process is still running.
